
> fashion-chatbot@0.1.0 build
> npx prisma generate && next build

node.exe : Loaded 
Prisma config from 
prisma.config.ts.
At line:1 char:1
+ & "C:\Program Files\
nodejs/node.exe" "C:\U
sers\Admin\AppData\Roa
ming\ ...
+ ~~~~~~~~~~~~~~~~~~~~
~~~~~~~~~~~~~~~~~~~~~~
~~~~~~~~~~~~~~~~~~~~~~
~~~~~
    + CategoryInfo    
          : 
NotSpecified: (Loade  
  d Prisma 
c...isma.confi    
g.ts.:String) [], 
Remot    eException
    + 
FullyQualifiedErrorId 
    : 
NativeCommandError
 

Prisma schema loaded 
from 
prisma\schema.prisma.

Γ£ö Generated Prisma Client (7.4.2) to .\src\generated\prisma in 86ms

Γû▓ Next.js 16.1.6 (Turbopack)
- Environments: .env

  Creating an optimized production build ...
Γ£ô Compiled successfully in 2.3s
  Running TypeScript ...
  Collecting page data using 19 workers ...
  Generating static pages using 19 workers (0/5) ...
  Generating static pages using 19 workers (1/5) 
Error occurred 
prerendering page 
"/". Read more: https:
//nextjs.org/docs/mess
ages/prerender-error
TypeError: Cannot 
read properties of 
undefined (reading 
'trim')
    at rW (C:\Users\Ad
min\Downloads\fashion-
chatbot\.next\server\c
hunks\ssr\_e202acb0._.
js:69:78760) {
  digest: '597761097'
}
Export encountered an 
error on /page: /, 
exiting the build.
Γ¿» Next.js build 
worker exited with 
code: 1 and signal: 
null
